[0.541s] DEBUG:colcon:Command line arguments: ['/usr/bin/colcon', 'build', '--symlink-install']
[0.541s] DEBUG:colcon:Parsed command line arguments: Namespace(log_base=None, log_level=None, verb_name='build', build_base='build', install_base='install', merge_install=False, symlink_install=True, test_result_base=None, continue_on_error=False, executor='parallel', parallel_workers=8, event_handlers=None, ignore_user_meta=False, metas=['./colcon.meta'], base_paths=['.'], packages_ignore=None, packages_ignore_regex=None, paths=None, packages_up_to=None, packages_up_to_regex=None, packages_above=None, packages_above_and_dependencies=None, packages_above_depth=None, packages_select_by_dep=None, packages_skip_by_dep=None, packages_skip_up_to=None, packages_select_build_failed=False, packages_skip_build_finished=False, packages_select_test_failures=False, packages_skip_test_passed=False, packages_select=None, packages_skip=None, packages_select_regex=None, packages_skip_regex=None, packages_start=None, packages_end=None, allow_overriding=[], cmake_args=None, cmake_target=None, cmake_target_skip_unavailable=False, cmake_clean_cache=False, cmake_clean_first=False, cmake_force_configure=False, ament_cmake_args=None, catkin_cmake_args=None, catkin_skip_building_tests=False, mixin_files=None, mixin=None, verb_parser=<colcon_mixin.mixin.mixin_argument.MixinArgumentDecorator object at 0x7fc62ca404f0>, verb_extension=<colcon_core.verb.build.BuildVerb object at 0x7fc62ca13ee0>, main=<bound method BuildVerb.main of <colcon_core.verb.build.BuildVerb object at 0x7fc62ca13ee0>>, mixin_verb=('build',))
[0.987s] Level 1:colcon.colcon_core.package_discovery:discover_packages(colcon_meta) check parameters
[0.987s] Level 1:colcon.colcon_core.package_discovery:discover_packages(recursive) check parameters
[0.987s] Level 1:colcon.colcon_core.package_discovery:discover_packages(ignore) check parameters
[0.988s] Level 1:colcon.colcon_core.package_discovery:discover_packages(path) check parameters
[0.988s] Level 1:colcon.colcon_core.package_discovery:discover_packages(colcon_meta) discover
[0.988s] Level 1:colcon.colcon_core.package_discovery:discover_packages(recursive) discover
[0.988s] INFO:colcon.colcon_core.package_discovery:Crawling recursively for packages in '/home/vasanth/ros2_ws/src/round_bot'
[0.988s] Level 1:colcon.colcon_core.package_identification:_identify(.) by extensions ['ignore', 'ignore_ament_install']
[0.989s] Level 1:colcon.colcon_core.package_identification:_identify(.) by extension 'ignore'
[0.989s] Level 1:colcon.colcon_core.package_identification:_identify(.) by extension 'ignore_ament_install'
[0.990s] Level 1:colcon.colcon_core.package_identification:_identify(.) by extensions ['colcon_pkg']
[0.990s] Level 1:colcon.colcon_core.package_identification:_identify(.) by extension 'colcon_pkg'
[0.990s] Level 1:colcon.colcon_core.package_identification:_identify(.) by extensions ['colcon_meta']
[0.990s] Level 1:colcon.colcon_core.package_identification:_identify(.) by extension 'colcon_meta'
[0.990s] Level 1:colcon.colcon_core.package_identification:_identify(.) by extensions ['ros']
[0.990s] Level 1:colcon.colcon_core.package_identification:_identify(.) by extension 'ros'
[1.054s] DEBUG:colcon.colcon_core.package_identification:Package '.' with type 'ros.ament_cmake' and name 'round_bot'
[1.055s] Level 1:colcon.colcon_core.package_discovery:discover_packages(recursive) using defaults
[1.055s] Level 1:colcon.colcon_core.package_discovery:discover_packages(ignore) discover
[1.055s] Level 1:colcon.colcon_core.package_discovery:discover_packages(ignore) using defaults
[1.055s] Level 1:colcon.colcon_core.package_discovery:discover_packages(path) discover
[1.055s] Level 1:colcon.colcon_core.package_discovery:discover_packages(path) using defaults
[1.106s] Level 1:colcon.colcon_core.package_discovery:discover_packages(prefix_path) check parameters
[1.106s] Level 1:colcon.colcon_core.package_discovery:discover_packages(prefix_path) discover
[1.114s] DEBUG:colcon.colcon_installed_package_information.package_discovery:Found 4 installed packages in /home/vasanth/turtlebot4_simulator/install
[1.116s] DEBUG:colcon.colcon_installed_package_information.package_discovery:Found 18 installed packages in /home/vasanth/ros2_ws/install
[1.117s] DEBUG:colcon.colcon_installed_package_information.package_discovery:Found 4 installed packages in /home/vasanth/turtlebot_world_ws/install
[1.119s] DEBUG:colcon.colcon_installed_package_information.package_discovery:Found 10 installed packages in /home/vasanth/tb3_nav2_ws/install
[1.123s] DEBUG:colcon.colcon_installed_package_information.package_discovery:Found 364 installed packages in /opt/ros/humble
[1.128s] Level 1:colcon.colcon_core.package_discovery:discover_packages(prefix_path) using defaults
[1.293s] Level 5:colcon.colcon_core.verb:set package 'round_bot' build argument 'cmake_args' from command line to 'None'
[1.293s] Level 5:colcon.colcon_core.verb:set package 'round_bot' build argument 'cmake_target' from command line to 'None'
[1.294s] Level 5:colcon.colcon_core.verb:set package 'round_bot' build argument 'cmake_target_skip_unavailable' from command line to 'False'
[1.294s] Level 5:colcon.colcon_core.verb:set package 'round_bot' build argument 'cmake_clean_cache' from command line to 'False'
[1.294s] Level 5:colcon.colcon_core.verb:set package 'round_bot' build argument 'cmake_clean_first' from command line to 'False'
[1.294s] Level 5:colcon.colcon_core.verb:set package 'round_bot' build argument 'cmake_force_configure' from command line to 'False'
[1.294s] Level 5:colcon.colcon_core.verb:set package 'round_bot' build argument 'ament_cmake_args' from command line to 'None'
[1.294s] Level 5:colcon.colcon_core.verb:set package 'round_bot' build argument 'catkin_cmake_args' from command line to 'None'
[1.294s] Level 5:colcon.colcon_core.verb:set package 'round_bot' build argument 'catkin_skip_building_tests' from command line to 'False'
[1.294s] DEBUG:colcon.colcon_core.verb:Building package 'round_bot' with the following arguments: {'ament_cmake_args': None, 'build_base': '/home/vasanth/ros2_ws/src/round_bot/build/round_bot', 'catkin_cmake_args': None, 'catkin_skip_building_tests': False, 'cmake_args': None, 'cmake_clean_cache': False, 'cmake_clean_first': False, 'cmake_force_configure': False, 'cmake_target': None, 'cmake_target_skip_unavailable': False, 'install_base': '/home/vasanth/ros2_ws/src/round_bot/install/round_bot', 'merge_install': False, 'path': '/home/vasanth/ros2_ws/src/round_bot', 'symlink_install': True, 'test_result_base': None}
[1.294s] INFO:colcon.colcon_core.executor:Executing jobs using 'parallel' executor
[1.296s] DEBUG:colcon.colcon_parallel_executor.executor.parallel:run_until_complete
[1.297s] INFO:colcon.colcon_ros.task.ament_cmake.build:Building ROS package in '/home/vasanth/ros2_ws/src/round_bot' with build type 'ament_cmake'
[1.297s] INFO:colcon.colcon_cmake.task.cmake.build:Building CMake package in '/home/vasanth/ros2_ws/src/round_bot'
[1.305s] INFO:colcon.colcon_core.plugin_system:Skipping extension 'colcon_core.shell.bat': Not used on non-Windows systems
[1.305s] INFO:colcon.colcon_core.shell:Skip shell extension 'powershell' for command environment: Not usable outside of PowerShell
[1.306s] DEBUG:colcon.colcon_core.shell:Skip shell extension 'dsv' for command environment
[1.342s] DEBUG:colcon.colcon_core.event_handler.log_command:Invoking command in '/home/vasanth/ros2_ws/src/round_bot/build/round_bot': CMAKE_PREFIX_PATH=/home/vasanth/turtlebot4_simulator/install/turtlebot4_simulator:/home/vasanth/turtlebot4_simulator/install/turtlebot4_ignition_bringup:/home/vasanth/turtlebot4_simulator/install/turtlebot4_ignition_toolbox:/home/vasanth/turtlebot4_simulator/install/turtlebot4_ignition_gui_plugins:/home/vasanth/tb3_nav2_ws/install/sam_bot_description:/home/vasanth/tb3_nav2_ws/install/nav2_straightline_planner:/home/vasanth/tb3_nav2_ws/install/nav2_sms_behavior:/home/vasanth/tb3_nav2_ws/install/nav2_pure_pursuit_controller:/home/vasanth/tb3_nav2_ws/install/nav2_minimal_tb4_sim:/home/vasanth/tb3_nav2_ws/install/nav2_minimal_tb4_description:/home/vasanth/tb3_nav2_ws/install/nav2_minimal_tb3_sim:/home/vasanth/tb3_nav2_ws/install/nav2_gradient_costmap_plugin:/home/vasanth/tb3_nav2_ws/install/nav2_costmap_filters_demo:/home/vasanth/turtlebot_world_ws/install/turtlebot3_simulations:/home/vasanth/turtlebot_world_ws/install/turtlebot3_gazebo:/home/vasanth/turtlebot_world_ws/install/turtlebot3_fake_node:/home/vasanth/ros2_ws/install/teb_local_planner:/home/vasanth/ros2_ws/install/teb_msgs:/home/vasanth/ros2_ws/install/round_bot:/home/vasanth/ros2_ws/install/linorobot2_navigation:/home/vasanth/ros2_ws/install/linorobot2_gazebo:/home/vasanth/ros2_ws/install/linorobot2_description:/home/vasanth/ros2_ws/install/linorobot2_bringup:/home/vasanth/ros2_ws/install/linorobot2_base:/home/vasanth/ros2_ws/install/linorobot2:/home/vasanth/ros2_ws/install/delivery_bot:/home/vasanth/ros2_ws/install/costmap_converter:/home/vasanth/ros2_ws/install/costmap_converter_msgs:/home/vasanth/ros2_ws/install/bt_package:/home/vasanth/tb3_nav2_ws/install/nav2_gps_waypoint_follower_demo:/home/vasanth/ros2_ws/install/maze_bot:/opt/ros/humble:/home/vasanth/ros2_ws/install/behaviortree_cpp_v3 /usr/bin/cmake /home/vasanth/ros2_ws/src/round_bot -DAMENT_CMAKE_SYMLINK_INSTALL=1 -DCMAKE_INSTALL_PREFIX=/home/vasanth/ros2_ws/src/round_bot/install/round_bot
[3.750s] DEBUG:colcon.colcon_core.event_handler.log_command:Invoked command in '/home/vasanth/ros2_ws/src/round_bot/build/round_bot' returned '0': CMAKE_PREFIX_PATH=/home/vasanth/turtlebot4_simulator/install/turtlebot4_simulator:/home/vasanth/turtlebot4_simulator/install/turtlebot4_ignition_bringup:/home/vasanth/turtlebot4_simulator/install/turtlebot4_ignition_toolbox:/home/vasanth/turtlebot4_simulator/install/turtlebot4_ignition_gui_plugins:/home/vasanth/tb3_nav2_ws/install/sam_bot_description:/home/vasanth/tb3_nav2_ws/install/nav2_straightline_planner:/home/vasanth/tb3_nav2_ws/install/nav2_sms_behavior:/home/vasanth/tb3_nav2_ws/install/nav2_pure_pursuit_controller:/home/vasanth/tb3_nav2_ws/install/nav2_minimal_tb4_sim:/home/vasanth/tb3_nav2_ws/install/nav2_minimal_tb4_description:/home/vasanth/tb3_nav2_ws/install/nav2_minimal_tb3_sim:/home/vasanth/tb3_nav2_ws/install/nav2_gradient_costmap_plugin:/home/vasanth/tb3_nav2_ws/install/nav2_costmap_filters_demo:/home/vasanth/turtlebot_world_ws/install/turtlebot3_simulations:/home/vasanth/turtlebot_world_ws/install/turtlebot3_gazebo:/home/vasanth/turtlebot_world_ws/install/turtlebot3_fake_node:/home/vasanth/ros2_ws/install/teb_local_planner:/home/vasanth/ros2_ws/install/teb_msgs:/home/vasanth/ros2_ws/install/round_bot:/home/vasanth/ros2_ws/install/linorobot2_navigation:/home/vasanth/ros2_ws/install/linorobot2_gazebo:/home/vasanth/ros2_ws/install/linorobot2_description:/home/vasanth/ros2_ws/install/linorobot2_bringup:/home/vasanth/ros2_ws/install/linorobot2_base:/home/vasanth/ros2_ws/install/linorobot2:/home/vasanth/ros2_ws/install/delivery_bot:/home/vasanth/ros2_ws/install/costmap_converter:/home/vasanth/ros2_ws/install/costmap_converter_msgs:/home/vasanth/ros2_ws/install/bt_package:/home/vasanth/tb3_nav2_ws/install/nav2_gps_waypoint_follower_demo:/home/vasanth/ros2_ws/install/maze_bot:/opt/ros/humble:/home/vasanth/ros2_ws/install/behaviortree_cpp_v3 /usr/bin/cmake /home/vasanth/ros2_ws/src/round_bot -DAMENT_CMAKE_SYMLINK_INSTALL=1 -DCMAKE_INSTALL_PREFIX=/home/vasanth/ros2_ws/src/round_bot/install/round_bot
[3.751s] DEBUG:colcon.colcon_core.event_handler.log_command:Invoking command in '/home/vasanth/ros2_ws/src/round_bot/build/round_bot': CMAKE_PREFIX_PATH=/home/vasanth/turtlebot4_simulator/install/turtlebot4_simulator:/home/vasanth/turtlebot4_simulator/install/turtlebot4_ignition_bringup:/home/vasanth/turtlebot4_simulator/install/turtlebot4_ignition_toolbox:/home/vasanth/turtlebot4_simulator/install/turtlebot4_ignition_gui_plugins:/home/vasanth/tb3_nav2_ws/install/sam_bot_description:/home/vasanth/tb3_nav2_ws/install/nav2_straightline_planner:/home/vasanth/tb3_nav2_ws/install/nav2_sms_behavior:/home/vasanth/tb3_nav2_ws/install/nav2_pure_pursuit_controller:/home/vasanth/tb3_nav2_ws/install/nav2_minimal_tb4_sim:/home/vasanth/tb3_nav2_ws/install/nav2_minimal_tb4_description:/home/vasanth/tb3_nav2_ws/install/nav2_minimal_tb3_sim:/home/vasanth/tb3_nav2_ws/install/nav2_gradient_costmap_plugin:/home/vasanth/tb3_nav2_ws/install/nav2_costmap_filters_demo:/home/vasanth/turtlebot_world_ws/install/turtlebot3_simulations:/home/vasanth/turtlebot_world_ws/install/turtlebot3_gazebo:/home/vasanth/turtlebot_world_ws/install/turtlebot3_fake_node:/home/vasanth/ros2_ws/install/teb_local_planner:/home/vasanth/ros2_ws/install/teb_msgs:/home/vasanth/ros2_ws/install/round_bot:/home/vasanth/ros2_ws/install/linorobot2_navigation:/home/vasanth/ros2_ws/install/linorobot2_gazebo:/home/vasanth/ros2_ws/install/linorobot2_description:/home/vasanth/ros2_ws/install/linorobot2_bringup:/home/vasanth/ros2_ws/install/linorobot2_base:/home/vasanth/ros2_ws/install/linorobot2:/home/vasanth/ros2_ws/install/delivery_bot:/home/vasanth/ros2_ws/install/costmap_converter:/home/vasanth/ros2_ws/install/costmap_converter_msgs:/home/vasanth/ros2_ws/install/bt_package:/home/vasanth/tb3_nav2_ws/install/nav2_gps_waypoint_follower_demo:/home/vasanth/ros2_ws/install/maze_bot:/opt/ros/humble:/home/vasanth/ros2_ws/install/behaviortree_cpp_v3 /usr/bin/cmake --build /home/vasanth/ros2_ws/src/round_bot/build/round_bot -- -j8 -l8
[3.844s] DEBUG:colcon.colcon_core.event_handler.log_command:Invoked command in '/home/vasanth/ros2_ws/src/round_bot/build/round_bot' returned '0': CMAKE_PREFIX_PATH=/home/vasanth/turtlebot4_simulator/install/turtlebot4_simulator:/home/vasanth/turtlebot4_simulator/install/turtlebot4_ignition_bringup:/home/vasanth/turtlebot4_simulator/install/turtlebot4_ignition_toolbox:/home/vasanth/turtlebot4_simulator/install/turtlebot4_ignition_gui_plugins:/home/vasanth/tb3_nav2_ws/install/sam_bot_description:/home/vasanth/tb3_nav2_ws/install/nav2_straightline_planner:/home/vasanth/tb3_nav2_ws/install/nav2_sms_behavior:/home/vasanth/tb3_nav2_ws/install/nav2_pure_pursuit_controller:/home/vasanth/tb3_nav2_ws/install/nav2_minimal_tb4_sim:/home/vasanth/tb3_nav2_ws/install/nav2_minimal_tb4_description:/home/vasanth/tb3_nav2_ws/install/nav2_minimal_tb3_sim:/home/vasanth/tb3_nav2_ws/install/nav2_gradient_costmap_plugin:/home/vasanth/tb3_nav2_ws/install/nav2_costmap_filters_demo:/home/vasanth/turtlebot_world_ws/install/turtlebot3_simulations:/home/vasanth/turtlebot_world_ws/install/turtlebot3_gazebo:/home/vasanth/turtlebot_world_ws/install/turtlebot3_fake_node:/home/vasanth/ros2_ws/install/teb_local_planner:/home/vasanth/ros2_ws/install/teb_msgs:/home/vasanth/ros2_ws/install/round_bot:/home/vasanth/ros2_ws/install/linorobot2_navigation:/home/vasanth/ros2_ws/install/linorobot2_gazebo:/home/vasanth/ros2_ws/install/linorobot2_description:/home/vasanth/ros2_ws/install/linorobot2_bringup:/home/vasanth/ros2_ws/install/linorobot2_base:/home/vasanth/ros2_ws/install/linorobot2:/home/vasanth/ros2_ws/install/delivery_bot:/home/vasanth/ros2_ws/install/costmap_converter:/home/vasanth/ros2_ws/install/costmap_converter_msgs:/home/vasanth/ros2_ws/install/bt_package:/home/vasanth/tb3_nav2_ws/install/nav2_gps_waypoint_follower_demo:/home/vasanth/ros2_ws/install/maze_bot:/opt/ros/humble:/home/vasanth/ros2_ws/install/behaviortree_cpp_v3 /usr/bin/cmake --build /home/vasanth/ros2_ws/src/round_bot/build/round_bot -- -j8 -l8
[3.872s] DEBUG:colcon.colcon_core.event_handler.log_command:Invoking command in '/home/vasanth/ros2_ws/src/round_bot/build/round_bot': CMAKE_PREFIX_PATH=/home/vasanth/turtlebot4_simulator/install/turtlebot4_simulator:/home/vasanth/turtlebot4_simulator/install/turtlebot4_ignition_bringup:/home/vasanth/turtlebot4_simulator/install/turtlebot4_ignition_toolbox:/home/vasanth/turtlebot4_simulator/install/turtlebot4_ignition_gui_plugins:/home/vasanth/tb3_nav2_ws/install/sam_bot_description:/home/vasanth/tb3_nav2_ws/install/nav2_straightline_planner:/home/vasanth/tb3_nav2_ws/install/nav2_sms_behavior:/home/vasanth/tb3_nav2_ws/install/nav2_pure_pursuit_controller:/home/vasanth/tb3_nav2_ws/install/nav2_minimal_tb4_sim:/home/vasanth/tb3_nav2_ws/install/nav2_minimal_tb4_description:/home/vasanth/tb3_nav2_ws/install/nav2_minimal_tb3_sim:/home/vasanth/tb3_nav2_ws/install/nav2_gradient_costmap_plugin:/home/vasanth/tb3_nav2_ws/install/nav2_costmap_filters_demo:/home/vasanth/turtlebot_world_ws/install/turtlebot3_simulations:/home/vasanth/turtlebot_world_ws/install/turtlebot3_gazebo:/home/vasanth/turtlebot_world_ws/install/turtlebot3_fake_node:/home/vasanth/ros2_ws/install/teb_local_planner:/home/vasanth/ros2_ws/install/teb_msgs:/home/vasanth/ros2_ws/install/round_bot:/home/vasanth/ros2_ws/install/linorobot2_navigation:/home/vasanth/ros2_ws/install/linorobot2_gazebo:/home/vasanth/ros2_ws/install/linorobot2_description:/home/vasanth/ros2_ws/install/linorobot2_bringup:/home/vasanth/ros2_ws/install/linorobot2_base:/home/vasanth/ros2_ws/install/linorobot2:/home/vasanth/ros2_ws/install/delivery_bot:/home/vasanth/ros2_ws/install/costmap_converter:/home/vasanth/ros2_ws/install/costmap_converter_msgs:/home/vasanth/ros2_ws/install/bt_package:/home/vasanth/tb3_nav2_ws/install/nav2_gps_waypoint_follower_demo:/home/vasanth/ros2_ws/install/maze_bot:/opt/ros/humble:/home/vasanth/ros2_ws/install/behaviortree_cpp_v3 /usr/bin/cmake --install /home/vasanth/ros2_ws/src/round_bot/build/round_bot
[4.837s] Level 1:colcon.colcon_core.environment:create_environment_scripts_only(round_bot)
[4.839s] DEBUG:colcon.colcon_core.event_handler.log_command:Invoked command in '/home/vasanth/ros2_ws/src/round_bot/build/round_bot' returned '0': CMAKE_PREFIX_PATH=/home/vasanth/turtlebot4_simulator/install/turtlebot4_simulator:/home/vasanth/turtlebot4_simulator/install/turtlebot4_ignition_bringup:/home/vasanth/turtlebot4_simulator/install/turtlebot4_ignition_toolbox:/home/vasanth/turtlebot4_simulator/install/turtlebot4_ignition_gui_plugins:/home/vasanth/tb3_nav2_ws/install/sam_bot_description:/home/vasanth/tb3_nav2_ws/install/nav2_straightline_planner:/home/vasanth/tb3_nav2_ws/install/nav2_sms_behavior:/home/vasanth/tb3_nav2_ws/install/nav2_pure_pursuit_controller:/home/vasanth/tb3_nav2_ws/install/nav2_minimal_tb4_sim:/home/vasanth/tb3_nav2_ws/install/nav2_minimal_tb4_description:/home/vasanth/tb3_nav2_ws/install/nav2_minimal_tb3_sim:/home/vasanth/tb3_nav2_ws/install/nav2_gradient_costmap_plugin:/home/vasanth/tb3_nav2_ws/install/nav2_costmap_filters_demo:/home/vasanth/turtlebot_world_ws/install/turtlebot3_simulations:/home/vasanth/turtlebot_world_ws/install/turtlebot3_gazebo:/home/vasanth/turtlebot_world_ws/install/turtlebot3_fake_node:/home/vasanth/ros2_ws/install/teb_local_planner:/home/vasanth/ros2_ws/install/teb_msgs:/home/vasanth/ros2_ws/install/round_bot:/home/vasanth/ros2_ws/install/linorobot2_navigation:/home/vasanth/ros2_ws/install/linorobot2_gazebo:/home/vasanth/ros2_ws/install/linorobot2_description:/home/vasanth/ros2_ws/install/linorobot2_bringup:/home/vasanth/ros2_ws/install/linorobot2_base:/home/vasanth/ros2_ws/install/linorobot2:/home/vasanth/ros2_ws/install/delivery_bot:/home/vasanth/ros2_ws/install/costmap_converter:/home/vasanth/ros2_ws/install/costmap_converter_msgs:/home/vasanth/ros2_ws/install/bt_package:/home/vasanth/tb3_nav2_ws/install/nav2_gps_waypoint_follower_demo:/home/vasanth/ros2_ws/install/maze_bot:/opt/ros/humble:/home/vasanth/ros2_ws/install/behaviortree_cpp_v3 /usr/bin/cmake --install /home/vasanth/ros2_ws/src/round_bot/build/round_bot
[4.850s] Level 1:colcon.colcon_core.environment:checking '/home/vasanth/ros2_ws/src/round_bot/install/round_bot' for CMake module files
[4.851s] Level 1:colcon.colcon_core.environment:checking '/home/vasanth/ros2_ws/src/round_bot/install/round_bot' for CMake config files
[4.852s] Level 1:colcon.colcon_core.shell:create_environment_hook('round_bot', 'cmake_prefix_path')
[4.853s] INFO:colcon.colcon_core.shell:Creating environment hook '/home/vasanth/ros2_ws/src/round_bot/install/round_bot/share/round_bot/hook/cmake_prefix_path.ps1'
[4.854s] INFO:colcon.colcon_core.shell:Creating environment descriptor '/home/vasanth/ros2_ws/src/round_bot/install/round_bot/share/round_bot/hook/cmake_prefix_path.dsv'
[4.855s] INFO:colcon.colcon_core.shell:Creating environment hook '/home/vasanth/ros2_ws/src/round_bot/install/round_bot/share/round_bot/hook/cmake_prefix_path.sh'
[4.858s] Level 1:colcon.colcon_core.environment:checking '/home/vasanth/ros2_ws/src/round_bot/install/round_bot/bin'
[4.858s] Level 1:colcon.colcon_core.environment:checking '/home/vasanth/ros2_ws/src/round_bot/install/round_bot/lib/pkgconfig/round_bot.pc'
[4.859s] Level 1:colcon.colcon_core.environment:checking '/home/vasanth/ros2_ws/src/round_bot/install/round_bot/lib/python3.10/site-packages'
[4.860s] Level 1:colcon.colcon_core.environment:checking '/home/vasanth/ros2_ws/src/round_bot/install/round_bot/bin'
[4.861s] INFO:colcon.colcon_core.shell:Creating package script '/home/vasanth/ros2_ws/src/round_bot/install/round_bot/share/round_bot/package.ps1'
[4.862s] INFO:colcon.colcon_core.shell:Creating package descriptor '/home/vasanth/ros2_ws/src/round_bot/install/round_bot/share/round_bot/package.dsv'
[4.864s] INFO:colcon.colcon_core.shell:Creating package script '/home/vasanth/ros2_ws/src/round_bot/install/round_bot/share/round_bot/package.sh'
[4.866s] INFO:colcon.colcon_core.shell:Creating package script '/home/vasanth/ros2_ws/src/round_bot/install/round_bot/share/round_bot/package.bash'
[4.868s] INFO:colcon.colcon_core.shell:Creating package script '/home/vasanth/ros2_ws/src/round_bot/install/round_bot/share/round_bot/package.zsh'
[4.870s] Level 1:colcon.colcon_core.environment:create_file_with_runtime_dependencies(/home/vasanth/ros2_ws/src/round_bot/install/round_bot/share/colcon-core/packages/round_bot)
[4.872s] Level 1:colcon.colcon_core.environment:create_environment_scripts_only(round_bot)
[4.873s] Level 1:colcon.colcon_core.environment:checking '/home/vasanth/ros2_ws/src/round_bot/install/round_bot' for CMake module files
[4.874s] Level 1:colcon.colcon_core.environment:checking '/home/vasanth/ros2_ws/src/round_bot/install/round_bot' for CMake config files
[4.875s] Level 1:colcon.colcon_core.shell:create_environment_hook('round_bot', 'cmake_prefix_path')
[4.876s] INFO:colcon.colcon_core.shell:Creating environment hook '/home/vasanth/ros2_ws/src/round_bot/install/round_bot/share/round_bot/hook/cmake_prefix_path.ps1'
[4.877s] INFO:colcon.colcon_core.shell:Creating environment descriptor '/home/vasanth/ros2_ws/src/round_bot/install/round_bot/share/round_bot/hook/cmake_prefix_path.dsv'
[4.879s] INFO:colcon.colcon_core.shell:Creating environment hook '/home/vasanth/ros2_ws/src/round_bot/install/round_bot/share/round_bot/hook/cmake_prefix_path.sh'
[4.881s] Level 1:colcon.colcon_core.environment:checking '/home/vasanth/ros2_ws/src/round_bot/install/round_bot/bin'
[4.881s] Level 1:colcon.colcon_core.environment:checking '/home/vasanth/ros2_ws/src/round_bot/install/round_bot/lib/pkgconfig/round_bot.pc'
[4.881s] Level 1:colcon.colcon_core.environment:checking '/home/vasanth/ros2_ws/src/round_bot/install/round_bot/lib/python3.10/site-packages'
[4.883s] Level 1:colcon.colcon_core.environment:checking '/home/vasanth/ros2_ws/src/round_bot/install/round_bot/bin'
[4.884s] INFO:colcon.colcon_core.shell:Creating package script '/home/vasanth/ros2_ws/src/round_bot/install/round_bot/share/round_bot/package.ps1'
[4.885s] INFO:colcon.colcon_core.shell:Creating package descriptor '/home/vasanth/ros2_ws/src/round_bot/install/round_bot/share/round_bot/package.dsv'
[4.887s] INFO:colcon.colcon_core.shell:Creating package script '/home/vasanth/ros2_ws/src/round_bot/install/round_bot/share/round_bot/package.sh'
[4.888s] INFO:colcon.colcon_core.shell:Creating package script '/home/vasanth/ros2_ws/src/round_bot/install/round_bot/share/round_bot/package.bash'
[4.889s] INFO:colcon.colcon_core.shell:Creating package script '/home/vasanth/ros2_ws/src/round_bot/install/round_bot/share/round_bot/package.zsh'
[4.890s] Level 1:colcon.colcon_core.environment:create_file_with_runtime_dependencies(/home/vasanth/ros2_ws/src/round_bot/install/round_bot/share/colcon-core/packages/round_bot)
[4.893s] DEBUG:colcon.colcon_parallel_executor.executor.parallel:closing loop
[4.893s] DEBUG:colcon.colcon_parallel_executor.executor.parallel:loop closed
[4.894s] DEBUG:colcon.colcon_parallel_executor.executor.parallel:run_until_complete finished with '0'
[4.894s] DEBUG:colcon.colcon_core.event_reactor:joining thread
[4.920s] INFO:colcon.colcon_core.plugin_system:Skipping extension 'colcon_notification.desktop_notification.terminal_notifier': Not used on non-Darwin systems
[4.921s] INFO:colcon.colcon_core.plugin_system:Skipping extension 'colcon_notification.desktop_notification.win32': Not used on non-Windows systems
[4.921s] INFO:colcon.colcon_notification.desktop_notification:Sending desktop notification using 'notify2'
[5.016s] DEBUG:colcon.colcon_core.event_reactor:joined thread
[5.017s] INFO:colcon.colcon_core.shell:Creating prefix script '/home/vasanth/ros2_ws/src/round_bot/install/local_setup.ps1'
[5.019s] INFO:colcon.colcon_core.shell:Creating prefix util module '/home/vasanth/ros2_ws/src/round_bot/install/_local_setup_util_ps1.py'
[5.023s] INFO:colcon.colcon_core.shell:Creating prefix chain script '/home/vasanth/ros2_ws/src/round_bot/install/setup.ps1'
[5.035s] INFO:colcon.colcon_core.shell:Creating prefix script '/home/vasanth/ros2_ws/src/round_bot/install/local_setup.sh'
[5.041s] INFO:colcon.colcon_core.shell:Creating prefix util module '/home/vasanth/ros2_ws/src/round_bot/install/_local_setup_util_sh.py'
[5.049s] INFO:colcon.colcon_core.shell:Creating prefix chain script '/home/vasanth/ros2_ws/src/round_bot/install/setup.sh'
[5.058s] INFO:colcon.colcon_core.shell:Creating prefix script '/home/vasanth/ros2_ws/src/round_bot/install/local_setup.bash'
[5.060s] INFO:colcon.colcon_core.shell:Creating prefix chain script '/home/vasanth/ros2_ws/src/round_bot/install/setup.bash'
[5.072s] INFO:colcon.colcon_core.shell:Creating prefix script '/home/vasanth/ros2_ws/src/round_bot/install/local_setup.zsh'
[5.074s] INFO:colcon.colcon_core.shell:Creating prefix chain script '/home/vasanth/ros2_ws/src/round_bot/install/setup.zsh'
