[0.044s] Invoking command in '/home/vasanth/ros2_ws/src/round_bot/build/round_bot': CMAKE_PREFIX_PATH=/home/vasanth/turtlebot4_simulator/install/turtlebot4_simulator:/home/vasanth/turtlebot4_simulator/install/turtlebot4_ignition_bringup:/home/vasanth/turtlebot4_simulator/install/turtlebot4_ignition_toolbox:/home/vasanth/turtlebot4_simulator/install/turtlebot4_ignition_gui_plugins:/home/vasanth/tb3_nav2_ws/install/sam_bot_description:/home/vasanth/tb3_nav2_ws/install/nav2_straightline_planner:/home/vasanth/tb3_nav2_ws/install/nav2_sms_behavior:/home/vasanth/tb3_nav2_ws/install/nav2_pure_pursuit_controller:/home/vasanth/tb3_nav2_ws/install/nav2_minimal_tb4_sim:/home/vasanth/tb3_nav2_ws/install/nav2_minimal_tb4_description:/home/vasanth/tb3_nav2_ws/install/nav2_minimal_tb3_sim:/home/vasanth/tb3_nav2_ws/install/nav2_gradient_costmap_plugin:/home/vasanth/tb3_nav2_ws/install/nav2_costmap_filters_demo:/home/vasanth/turtlebot_world_ws/install/turtlebot3_simulations:/home/vasanth/turtlebot_world_ws/install/turtlebot3_gazebo:/home/vasanth/turtlebot_world_ws/install/turtlebot3_fake_node:/home/vasanth/ros2_ws/install/teb_local_planner:/home/vasanth/ros2_ws/install/teb_msgs:/home/vasanth/ros2_ws/install/round_bot:/home/vasanth/ros2_ws/install/linorobot2_navigation:/home/vasanth/ros2_ws/install/linorobot2_gazebo:/home/vasanth/ros2_ws/install/linorobot2_description:/home/vasanth/ros2_ws/install/linorobot2_bringup:/home/vasanth/ros2_ws/install/linorobot2_base:/home/vasanth/ros2_ws/install/linorobot2:/home/vasanth/ros2_ws/install/delivery_bot:/home/vasanth/ros2_ws/install/costmap_converter:/home/vasanth/ros2_ws/install/costmap_converter_msgs:/home/vasanth/ros2_ws/install/bt_package:/home/vasanth/tb3_nav2_ws/install/nav2_gps_waypoint_follower_demo:/home/vasanth/ros2_ws/install/maze_bot:/opt/ros/humble:/home/vasanth/ros2_ws/install/behaviortree_cpp_v3 /usr/bin/cmake /home/vasanth/ros2_ws/src/round_bot -DAMENT_CMAKE_SYMLINK_INSTALL=1 -DCMAKE_INSTALL_PREFIX=/home/vasanth/ros2_ws/src/round_bot/install/round_bot
[0.314s] -- The C compiler identification is GNU 11.4.0
[0.528s] -- The CXX compiler identification is GNU 11.4.0
[0.559s] -- Detecting C compiler ABI info
[0.769s] -- Detecting C compiler ABI info - done
[0.789s] -- Check for working C compiler: /usr/bin/cc - skipped
[0.790s] -- Detecting C compile features
[0.791s] -- Detecting C compile features - done
[0.800s] -- Detecting CXX compiler ABI info
[0.991s] -- Detecting CXX compiler ABI info - done
[1.011s] -- Check for working CXX compiler: /usr/bin/c++ - skipped
[1.012s] -- Detecting CXX compile features
[1.013s] -- Detecting CXX compile features - done
[1.042s] -- Found ament_cmake: 1.3.14 (/opt/ros/humble/share/ament_cmake/cmake)
[1.629s] -- Found Python3: /usr/bin/python3 (found version "3.10.12") found components: Interpreter 
[1.897s] -- Override CMake install command with custom implementation using symlinks instead of copying resources
[2.199s] -- Found ament_lint_auto: 0.12.15 (/opt/ros/humble/share/ament_lint_auto/cmake)
[2.425s] -- Configuring done
[2.430s] -- Generating done
[2.438s] -- Build files have been written to: /home/vasanth/ros2_ws/src/round_bot/build/round_bot
[2.451s] Invoked command in '/home/vasanth/ros2_ws/src/round_bot/build/round_bot' returned '0': CMAKE_PREFIX_PATH=/home/vasanth/turtlebot4_simulator/install/turtlebot4_simulator:/home/vasanth/turtlebot4_simulator/install/turtlebot4_ignition_bringup:/home/vasanth/turtlebot4_simulator/install/turtlebot4_ignition_toolbox:/home/vasanth/turtlebot4_simulator/install/turtlebot4_ignition_gui_plugins:/home/vasanth/tb3_nav2_ws/install/sam_bot_description:/home/vasanth/tb3_nav2_ws/install/nav2_straightline_planner:/home/vasanth/tb3_nav2_ws/install/nav2_sms_behavior:/home/vasanth/tb3_nav2_ws/install/nav2_pure_pursuit_controller:/home/vasanth/tb3_nav2_ws/install/nav2_minimal_tb4_sim:/home/vasanth/tb3_nav2_ws/install/nav2_minimal_tb4_description:/home/vasanth/tb3_nav2_ws/install/nav2_minimal_tb3_sim:/home/vasanth/tb3_nav2_ws/install/nav2_gradient_costmap_plugin:/home/vasanth/tb3_nav2_ws/install/nav2_costmap_filters_demo:/home/vasanth/turtlebot_world_ws/install/turtlebot3_simulations:/home/vasanth/turtlebot_world_ws/install/turtlebot3_gazebo:/home/vasanth/turtlebot_world_ws/install/turtlebot3_fake_node:/home/vasanth/ros2_ws/install/teb_local_planner:/home/vasanth/ros2_ws/install/teb_msgs:/home/vasanth/ros2_ws/install/round_bot:/home/vasanth/ros2_ws/install/linorobot2_navigation:/home/vasanth/ros2_ws/install/linorobot2_gazebo:/home/vasanth/ros2_ws/install/linorobot2_description:/home/vasanth/ros2_ws/install/linorobot2_bringup:/home/vasanth/ros2_ws/install/linorobot2_base:/home/vasanth/ros2_ws/install/linorobot2:/home/vasanth/ros2_ws/install/delivery_bot:/home/vasanth/ros2_ws/install/costmap_converter:/home/vasanth/ros2_ws/install/costmap_converter_msgs:/home/vasanth/ros2_ws/install/bt_package:/home/vasanth/tb3_nav2_ws/install/nav2_gps_waypoint_follower_demo:/home/vasanth/ros2_ws/install/maze_bot:/opt/ros/humble:/home/vasanth/ros2_ws/install/behaviortree_cpp_v3 /usr/bin/cmake /home/vasanth/ros2_ws/src/round_bot -DAMENT_CMAKE_SYMLINK_INSTALL=1 -DCMAKE_INSTALL_PREFIX=/home/vasanth/ros2_ws/src/round_bot/install/round_bot
[2.453s] Invoking command in '/home/vasanth/ros2_ws/src/round_bot/build/round_bot': CMAKE_PREFIX_PATH=/home/vasanth/turtlebot4_simulator/install/turtlebot4_simulator:/home/vasanth/turtlebot4_simulator/install/turtlebot4_ignition_bringup:/home/vasanth/turtlebot4_simulator/install/turtlebot4_ignition_toolbox:/home/vasanth/turtlebot4_simulator/install/turtlebot4_ignition_gui_plugins:/home/vasanth/tb3_nav2_ws/install/sam_bot_description:/home/vasanth/tb3_nav2_ws/install/nav2_straightline_planner:/home/vasanth/tb3_nav2_ws/install/nav2_sms_behavior:/home/vasanth/tb3_nav2_ws/install/nav2_pure_pursuit_controller:/home/vasanth/tb3_nav2_ws/install/nav2_minimal_tb4_sim:/home/vasanth/tb3_nav2_ws/install/nav2_minimal_tb4_description:/home/vasanth/tb3_nav2_ws/install/nav2_minimal_tb3_sim:/home/vasanth/tb3_nav2_ws/install/nav2_gradient_costmap_plugin:/home/vasanth/tb3_nav2_ws/install/nav2_costmap_filters_demo:/home/vasanth/turtlebot_world_ws/install/turtlebot3_simulations:/home/vasanth/turtlebot_world_ws/install/turtlebot3_gazebo:/home/vasanth/turtlebot_world_ws/install/turtlebot3_fake_node:/home/vasanth/ros2_ws/install/teb_local_planner:/home/vasanth/ros2_ws/install/teb_msgs:/home/vasanth/ros2_ws/install/round_bot:/home/vasanth/ros2_ws/install/linorobot2_navigation:/home/vasanth/ros2_ws/install/linorobot2_gazebo:/home/vasanth/ros2_ws/install/linorobot2_description:/home/vasanth/ros2_ws/install/linorobot2_bringup:/home/vasanth/ros2_ws/install/linorobot2_base:/home/vasanth/ros2_ws/install/linorobot2:/home/vasanth/ros2_ws/install/delivery_bot:/home/vasanth/ros2_ws/install/costmap_converter:/home/vasanth/ros2_ws/install/costmap_converter_msgs:/home/vasanth/ros2_ws/install/bt_package:/home/vasanth/tb3_nav2_ws/install/nav2_gps_waypoint_follower_demo:/home/vasanth/ros2_ws/install/maze_bot:/opt/ros/humble:/home/vasanth/ros2_ws/install/behaviortree_cpp_v3 /usr/bin/cmake --build /home/vasanth/ros2_ws/src/round_bot/build/round_bot -- -j8 -l8
[2.546s] Invoked command in '/home/vasanth/ros2_ws/src/round_bot/build/round_bot' returned '0': CMAKE_PREFIX_PATH=/home/vasanth/turtlebot4_simulator/install/turtlebot4_simulator:/home/vasanth/turtlebot4_simulator/install/turtlebot4_ignition_bringup:/home/vasanth/turtlebot4_simulator/install/turtlebot4_ignition_toolbox:/home/vasanth/turtlebot4_simulator/install/turtlebot4_ignition_gui_plugins:/home/vasanth/tb3_nav2_ws/install/sam_bot_description:/home/vasanth/tb3_nav2_ws/install/nav2_straightline_planner:/home/vasanth/tb3_nav2_ws/install/nav2_sms_behavior:/home/vasanth/tb3_nav2_ws/install/nav2_pure_pursuit_controller:/home/vasanth/tb3_nav2_ws/install/nav2_minimal_tb4_sim:/home/vasanth/tb3_nav2_ws/install/nav2_minimal_tb4_description:/home/vasanth/tb3_nav2_ws/install/nav2_minimal_tb3_sim:/home/vasanth/tb3_nav2_ws/install/nav2_gradient_costmap_plugin:/home/vasanth/tb3_nav2_ws/install/nav2_costmap_filters_demo:/home/vasanth/turtlebot_world_ws/install/turtlebot3_simulations:/home/vasanth/turtlebot_world_ws/install/turtlebot3_gazebo:/home/vasanth/turtlebot_world_ws/install/turtlebot3_fake_node:/home/vasanth/ros2_ws/install/teb_local_planner:/home/vasanth/ros2_ws/install/teb_msgs:/home/vasanth/ros2_ws/install/round_bot:/home/vasanth/ros2_ws/install/linorobot2_navigation:/home/vasanth/ros2_ws/install/linorobot2_gazebo:/home/vasanth/ros2_ws/install/linorobot2_description:/home/vasanth/ros2_ws/install/linorobot2_bringup:/home/vasanth/ros2_ws/install/linorobot2_base:/home/vasanth/ros2_ws/install/linorobot2:/home/vasanth/ros2_ws/install/delivery_bot:/home/vasanth/ros2_ws/install/costmap_converter:/home/vasanth/ros2_ws/install/costmap_converter_msgs:/home/vasanth/ros2_ws/install/bt_package:/home/vasanth/tb3_nav2_ws/install/nav2_gps_waypoint_follower_demo:/home/vasanth/ros2_ws/install/maze_bot:/opt/ros/humble:/home/vasanth/ros2_ws/install/behaviortree_cpp_v3 /usr/bin/cmake --build /home/vasanth/ros2_ws/src/round_bot/build/round_bot -- -j8 -l8
[2.573s] Invoking command in '/home/vasanth/ros2_ws/src/round_bot/build/round_bot': CMAKE_PREFIX_PATH=/home/vasanth/turtlebot4_simulator/install/turtlebot4_simulator:/home/vasanth/turtlebot4_simulator/install/turtlebot4_ignition_bringup:/home/vasanth/turtlebot4_simulator/install/turtlebot4_ignition_toolbox:/home/vasanth/turtlebot4_simulator/install/turtlebot4_ignition_gui_plugins:/home/vasanth/tb3_nav2_ws/install/sam_bot_description:/home/vasanth/tb3_nav2_ws/install/nav2_straightline_planner:/home/vasanth/tb3_nav2_ws/install/nav2_sms_behavior:/home/vasanth/tb3_nav2_ws/install/nav2_pure_pursuit_controller:/home/vasanth/tb3_nav2_ws/install/nav2_minimal_tb4_sim:/home/vasanth/tb3_nav2_ws/install/nav2_minimal_tb4_description:/home/vasanth/tb3_nav2_ws/install/nav2_minimal_tb3_sim:/home/vasanth/tb3_nav2_ws/install/nav2_gradient_costmap_plugin:/home/vasanth/tb3_nav2_ws/install/nav2_costmap_filters_demo:/home/vasanth/turtlebot_world_ws/install/turtlebot3_simulations:/home/vasanth/turtlebot_world_ws/install/turtlebot3_gazebo:/home/vasanth/turtlebot_world_ws/install/turtlebot3_fake_node:/home/vasanth/ros2_ws/install/teb_local_planner:/home/vasanth/ros2_ws/install/teb_msgs:/home/vasanth/ros2_ws/install/round_bot:/home/vasanth/ros2_ws/install/linorobot2_navigation:/home/vasanth/ros2_ws/install/linorobot2_gazebo:/home/vasanth/ros2_ws/install/linorobot2_description:/home/vasanth/ros2_ws/install/linorobot2_bringup:/home/vasanth/ros2_ws/install/linorobot2_base:/home/vasanth/ros2_ws/install/linorobot2:/home/vasanth/ros2_ws/install/delivery_bot:/home/vasanth/ros2_ws/install/costmap_converter:/home/vasanth/ros2_ws/install/costmap_converter_msgs:/home/vasanth/ros2_ws/install/bt_package:/home/vasanth/tb3_nav2_ws/install/nav2_gps_waypoint_follower_demo:/home/vasanth/ros2_ws/install/maze_bot:/opt/ros/humble:/home/vasanth/ros2_ws/install/behaviortree_cpp_v3 /usr/bin/cmake --install /home/vasanth/ros2_ws/src/round_bot/build/round_bot
[2.595s] -- Install configuration: ""
[2.596s] -- Execute custom install script
[2.598s] -- Symlinking: /home/vasanth/ros2_ws/src/round_bot/install/round_bot/share/round_bot/config/gz_bridge.yaml
[2.621s] -- Symlinking: /home/vasanth/ros2_ws/src/round_bot/install/round_bot/share/round_bot/config/keepout_params.yaml
[2.642s] -- Symlinking: /home/vasanth/ros2_ws/src/round_bot/install/round_bot/share/round_bot/config/localization.yaml
[2.667s] -- Symlinking: /home/vasanth/ros2_ws/src/round_bot/install/round_bot/share/round_bot/config/nav2_params.yaml
[2.686s] -- Symlinking: /home/vasanth/ros2_ws/src/round_bot/install/round_bot/share/round_bot/config/nav2_params_3d.yaml
[2.704s] -- Symlinking: /home/vasanth/ros2_ws/src/round_bot/install/round_bot/share/round_bot/config/nav2_params_keepout.yaml
[2.721s] -- Symlinking: /home/vasanth/ros2_ws/src/round_bot/install/round_bot/share/round_bot/config/slam.yaml
[2.742s] -- Symlinking: /home/vasanth/ros2_ws/src/round_bot/install/round_bot/share/round_bot/description/inertial_xacros.xacro
[2.763s] -- Symlinking: /home/vasanth/ros2_ws/src/round_bot/install/round_bot/share/round_bot/description/round_bot.sdf
[2.781s] -- Symlinking: /home/vasanth/ros2_ws/src/round_bot/install/round_bot/share/round_bot/description/round_bot.urdf.xacro
[2.796s] -- Symlinking: /home/vasanth/ros2_ws/src/round_bot/install/round_bot/share/round_bot/docker/Dockerfile
[2.809s] -- Symlinking: /home/vasanth/ros2_ws/src/round_bot/install/round_bot/share/round_bot/docker/run_image.sh
[2.822s] -- Symlinking: /home/vasanth/ros2_ws/src/round_bot/install/round_bot/share/round_bot/graphs/edifice_graph_04_23_2026_22_41_41.geojson
[2.841s] -- Symlinking: /home/vasanth/ros2_ws/src/round_bot/install/round_bot/share/round_bot/launch/bringup_launch.py
[2.870s] -- Symlinking: /home/vasanth/ros2_ws/src/round_bot/install/round_bot/share/round_bot/launch/costmap_filter_info.launch.py
[2.886s] -- Symlinking: /home/vasanth/ros2_ws/src/round_bot/install/round_bot/share/round_bot/launch/navigation_launch.py
[2.900s] -- Symlinking: /home/vasanth/ros2_ws/src/round_bot/install/round_bot/share/round_bot/launch/slam_launch.py
[2.914s] -- Symlinking: /home/vasanth/ros2_ws/src/round_bot/install/round_bot/share/round_bot/maps/edifice.pgm
[2.929s] -- Symlinking: /home/vasanth/ros2_ws/src/round_bot/install/round_bot/share/round_bot/maps/edifice.pgm.aux.xml
[2.950s] -- Symlinking: /home/vasanth/ros2_ws/src/round_bot/install/round_bot/share/round_bot/maps/edifice.tif
[2.970s] -- Symlinking: /home/vasanth/ros2_ws/src/round_bot/install/round_bot/share/round_bot/maps/edifice.yaml
[2.988s] -- Symlinking: /home/vasanth/ros2_ws/src/round_bot/install/round_bot/share/round_bot/maps/edifice_keepout_mask.pgm
[3.007s] -- Symlinking: /home/vasanth/ros2_ws/src/round_bot/install/round_bot/share/round_bot/maps/edifice_keepout_mask.yaml
[3.025s] -- Symlinking: /home/vasanth/ros2_ws/src/round_bot/install/round_bot/share/round_bot/rviz/localization.rviz
[3.047s] -- Symlinking: /home/vasanth/ros2_ws/src/round_bot/install/round_bot/share/round_bot/rviz/navigation.rviz
[3.073s] -- Symlinking: /home/vasanth/ros2_ws/src/round_bot/install/round_bot/share/round_bot/rviz/slam.rviz
[3.093s] -- Symlinking: /home/vasanth/ros2_ws/src/round_bot/install/round_bot/share/round_bot/rviz/visualize.rviz
[3.117s] -- Symlinking: /home/vasanth/ros2_ws/src/round_bot/install/round_bot/share/round_bot/src/round_bot_simple_commander.py
[3.146s] -- Symlinking: /home/vasanth/ros2_ws/src/round_bot/install/round_bot/share/round_bot/worlds/edifice.sdf
[3.179s] -- Symlinking: /home/vasanth/ros2_ws/src/round_bot/install/round_bot/share/round_bot/worlds/empty.sdf
[3.199s] -- Symlinking: /home/vasanth/ros2_ws/src/round_bot/install/round_bot/share/round_bot/worlds/ionic.sdf
[3.219s] -- Symlinking: /home/vasanth/ros2_ws/src/round_bot/install/round_bot/share/ament_index/resource_index/package_run_dependencies/round_bot
[3.238s] -- Symlinking: /home/vasanth/ros2_ws/src/round_bot/install/round_bot/share/ament_index/resource_index/parent_prefix_path/round_bot
[3.264s] -- Symlinking: /home/vasanth/ros2_ws/src/round_bot/install/round_bot/share/round_bot/environment/ament_prefix_path.sh
[3.286s] -- Symlinking: /home/vasanth/ros2_ws/src/round_bot/install/round_bot/share/round_bot/environment/ament_prefix_path.dsv
[3.305s] -- Symlinking: /home/vasanth/ros2_ws/src/round_bot/install/round_bot/share/round_bot/environment/path.sh
[3.324s] -- Symlinking: /home/vasanth/ros2_ws/src/round_bot/install/round_bot/share/round_bot/environment/path.dsv
[3.349s] -- Symlinking: /home/vasanth/ros2_ws/src/round_bot/install/round_bot/share/round_bot/local_setup.bash
[3.376s] -- Symlinking: /home/vasanth/ros2_ws/src/round_bot/install/round_bot/share/round_bot/local_setup.sh
[3.394s] -- Symlinking: /home/vasanth/ros2_ws/src/round_bot/install/round_bot/share/round_bot/local_setup.zsh
[3.410s] -- Symlinking: /home/vasanth/ros2_ws/src/round_bot/install/round_bot/share/round_bot/local_setup.dsv
[3.428s] -- Symlinking: /home/vasanth/ros2_ws/src/round_bot/install/round_bot/share/round_bot/package.dsv
[3.453s] -- Symlinking: /home/vasanth/ros2_ws/src/round_bot/install/round_bot/share/ament_index/resource_index/packages/round_bot
[3.478s] -- Symlinking: /home/vasanth/ros2_ws/src/round_bot/install/round_bot/share/round_bot/cmake/round_botConfig.cmake
[3.497s] -- Symlinking: /home/vasanth/ros2_ws/src/round_bot/install/round_bot/share/round_bot/cmake/round_botConfig-version.cmake
[3.515s] -- Symlinking: /home/vasanth/ros2_ws/src/round_bot/install/round_bot/share/round_bot/package.xml
[3.541s] Invoked command in '/home/vasanth/ros2_ws/src/round_bot/build/round_bot' returned '0': CMAKE_PREFIX_PATH=/home/vasanth/turtlebot4_simulator/install/turtlebot4_simulator:/home/vasanth/turtlebot4_simulator/install/turtlebot4_ignition_bringup:/home/vasanth/turtlebot4_simulator/install/turtlebot4_ignition_toolbox:/home/vasanth/turtlebot4_simulator/install/turtlebot4_ignition_gui_plugins:/home/vasanth/tb3_nav2_ws/install/sam_bot_description:/home/vasanth/tb3_nav2_ws/install/nav2_straightline_planner:/home/vasanth/tb3_nav2_ws/install/nav2_sms_behavior:/home/vasanth/tb3_nav2_ws/install/nav2_pure_pursuit_controller:/home/vasanth/tb3_nav2_ws/install/nav2_minimal_tb4_sim:/home/vasanth/tb3_nav2_ws/install/nav2_minimal_tb4_description:/home/vasanth/tb3_nav2_ws/install/nav2_minimal_tb3_sim:/home/vasanth/tb3_nav2_ws/install/nav2_gradient_costmap_plugin:/home/vasanth/tb3_nav2_ws/install/nav2_costmap_filters_demo:/home/vasanth/turtlebot_world_ws/install/turtlebot3_simulations:/home/vasanth/turtlebot_world_ws/install/turtlebot3_gazebo:/home/vasanth/turtlebot_world_ws/install/turtlebot3_fake_node:/home/vasanth/ros2_ws/install/teb_local_planner:/home/vasanth/ros2_ws/install/teb_msgs:/home/vasanth/ros2_ws/install/round_bot:/home/vasanth/ros2_ws/install/linorobot2_navigation:/home/vasanth/ros2_ws/install/linorobot2_gazebo:/home/vasanth/ros2_ws/install/linorobot2_description:/home/vasanth/ros2_ws/install/linorobot2_bringup:/home/vasanth/ros2_ws/install/linorobot2_base:/home/vasanth/ros2_ws/install/linorobot2:/home/vasanth/ros2_ws/install/delivery_bot:/home/vasanth/ros2_ws/install/costmap_converter:/home/vasanth/ros2_ws/install/costmap_converter_msgs:/home/vasanth/ros2_ws/install/bt_package:/home/vasanth/tb3_nav2_ws/install/nav2_gps_waypoint_follower_demo:/home/vasanth/ros2_ws/install/maze_bot:/opt/ros/humble:/home/vasanth/ros2_ws/install/behaviortree_cpp_v3 /usr/bin/cmake --install /home/vasanth/ros2_ws/src/round_bot/build/round_bot
